<?xml version="1.0" encoding="UTF-8"?>
<notification id="5">
    <to customer="true">jhon@email.com</to>
    <from>mary@email.com</from>
</notification>